Archive member included to satisfy reference by file (symbol)

c:/program files (x86)/gnu tools arm embedded/5.4 2016q3/bin/../lib/gcc/arm-none-eabi/5.4.1/armv7e-m\libgcc.a(_arm_addsubdf3.o)
                              ..\obj\delay.o (__aeabi_ui2d)
c:/program files (x86)/gnu tools arm embedded/5.4 2016q3/bin/../lib/gcc/arm-none-eabi/5.4.1/armv7e-m\libgcc.a(_arm_muldivdf3.o)
                              ..\obj\delay.o (__aeabi_dmul)
c:/program files (x86)/gnu tools arm embedded/5.4 2016q3/bin/../lib/gcc/arm-none-eabi/5.4.1/armv7e-m\libgcc.a(_arm_fixunsdfsi.o)
                              ..\obj\delay.o (__aeabi_d2uiz)
c:/program files (x86)/gnu tools arm embedded/5.4 2016q3/bin/../lib/gcc/arm-none-eabi/5.4.1/armv7e-m\libgcc.a(_arm_addsubsf3.o)
                              ..\obj\Lijn.o (__aeabi_i2f)
c:/program files (x86)/gnu tools arm embedded/5.4 2016q3/bin/../lib/gcc/arm-none-eabi/5.4.1/armv7e-m\libgcc.a(_arm_muldivsf3.o)
                              ..\obj\Lijn.o (__aeabi_fmul)
c:/program files (x86)/gnu tools arm embedded/5.4 2016q3/bin/../lib/gcc/arm-none-eabi/5.4.1/armv7e-m\libgcc.a(_arm_cmpsf2.o)
                              ..\obj\Lijn.o (__aeabi_fcmplt)
c:/program files (x86)/gnu tools arm embedded/5.4 2016q3/bin/../lib/gcc/arm-none-eabi/5.4.1/armv7e-m\libgcc.a(_arm_fixsfsi.o)
                              ..\obj\Lijn.o (__aeabi_f2iz)
c:/program files (x86)/gnu tools arm embedded/5.4 2016q3/bin/../lib/gcc/arm-none-eabi/5.4.1/../../../../arm-none-eabi/lib/armv7e-m\libg.a(lib_a-strncpy.o)
                              ..\obj\uart.o (strncpy)
c:/program files (x86)/gnu tools arm embedded/5.4 2016q3/bin/../lib/gcc/arm-none-eabi/5.4.1/../../../../arm-none-eabi/lib/armv7e-m\libg.a(lib_a-vsnprintf.o)
                              ..\obj\uart.o (vsnprintf)
c:/program files (x86)/gnu tools arm embedded/5.4 2016q3/bin/../lib/gcc/arm-none-eabi/5.4.1/../../../../arm-none-eabi/lib/armv7e-m\libg.a(lib_a-impure.o)
                              c:/program files (x86)/gnu tools arm embedded/5.4 2016q3/bin/../lib/gcc/arm-none-eabi/5.4.1/../../../../arm-none-eabi/lib/armv7e-m\libg.a(lib_a-vsnprintf.o) (_impure_ptr)
c:/program files (x86)/gnu tools arm embedded/5.4 2016q3/bin/../lib/gcc/arm-none-eabi/5.4.1/../../../../arm-none-eabi/lib/armv7e-m\libg.a(lib_a-svfprintf.o)
                              c:/program files (x86)/gnu tools arm embedded/5.4 2016q3/bin/../lib/gcc/arm-none-eabi/5.4.1/../../../../arm-none-eabi/lib/armv7e-m\libg.a(lib_a-vsnprintf.o) (_svfprintf_r)
c:/program files (x86)/gnu tools arm embedded/5.4 2016q3/bin/../lib/gcc/arm-none-eabi/5.4.1/../../../../arm-none-eabi/lib/armv7e-m\libg.a(lib_a-dtoa.o)
                              c:/program files (x86)/gnu tools arm embedded/5.4 2016q3/bin/../lib/gcc/arm-none-eabi/5.4.1/../../../../arm-none-eabi/lib/armv7e-m\libg.a(lib_a-svfprintf.o) (_dtoa_r)
c:/program files (x86)/gnu tools arm embedded/5.4 2016q3/bin/../lib/gcc/arm-none-eabi/5.4.1/../../../../arm-none-eabi/lib/armv7e-m\libg.a(lib_a-localeconv.o)
                              c:/program files (x86)/gnu tools arm embedded/5.4 2016q3/bin/../lib/gcc/arm-none-eabi/5.4.1/../../../../arm-none-eabi/lib/armv7e-m\libg.a(lib_a-svfprintf.o) (_localeconv_r)
c:/program files (x86)/gnu tools arm embedded/5.4 2016q3/bin/../lib/gcc/arm-none-eabi/5.4.1/../../../../arm-none-eabi/lib/armv7e-m\libg.a(lib_a-mallocr.o)
                              c:/program files (x86)/gnu tools arm embedded/5.4 2016q3/bin/../lib/gcc/arm-none-eabi/5.4.1/../../../../arm-none-eabi/lib/armv7e-m\libg.a(lib_a-svfprintf.o) (_malloc_r)
c:/program files (x86)/gnu tools arm embedded/5.4 2016q3/bin/../lib/gcc/arm-none-eabi/5.4.1/../../../../arm-none-eabi/lib/armv7e-m\libg.a(lib_a-memchr.o)
                              c:/program files (x86)/gnu tools arm embedded/5.4 2016q3/bin/../lib/gcc/arm-none-eabi/5.4.1/../../../../arm-none-eabi/lib/armv7e-m\libg.a(lib_a-svfprintf.o) (memchr)
c:/program files (x86)/gnu tools arm embedded/5.4 2016q3/bin/../lib/gcc/arm-none-eabi/5.4.1/../../../../arm-none-eabi/lib/armv7e-m\libg.a(lib_a-memcpy.o)
                              c:/program files (x86)/gnu tools arm embedded/5.4 2016q3/bin/../lib/gcc/arm-none-eabi/5.4.1/../../../../arm-none-eabi/lib/armv7e-m\libg.a(lib_a-dtoa.o) (memcpy)
c:/program files (x86)/gnu tools arm embedded/5.4 2016q3/bin/../lib/gcc/arm-none-eabi/5.4.1/../../../../arm-none-eabi/lib/armv7e-m\libg.a(lib_a-mlock.o)
                              c:/program files (x86)/gnu tools arm embedded/5.4 2016q3/bin/../lib/gcc/arm-none-eabi/5.4.1/../../../../arm-none-eabi/lib/armv7e-m\libg.a(lib_a-mallocr.o) (__malloc_lock)
c:/program files (x86)/gnu tools arm embedded/5.4 2016q3/bin/../lib/gcc/arm-none-eabi/5.4.1/../../../../arm-none-eabi/lib/armv7e-m\libg.a(lib_a-mprec.o)
[...]
Memory Configuration

Name             Origin             Length             Attributes
rom              0x08000000         0x00100000         xr
ram              0x20000000         0x00020000         xrw
ram1             0x10000000         0x00010000         xrw
*default*        0x00000000         0xffffffff

Linker script and memory map

                0x20020000                _eram = 0x20020000

.text           0x08000000     0x2e1e
 *(.isr_vector)
 .isr_vector    0x08000000      0x188 ..\obj\startup_stm32f4xx.o
                0x08000000                g_pfnVectors
 *(.text*)
 .text.DELAY_ms
                0x08000188       0x3c ..\obj\delay.o
                0x08000188                DELAY_ms
 .text          0x080001c4       0x54 ..\obj\os_cpu_a.o
                0x080001c4                OS_CPU_SR_Save
                0x080001c8                OS_CPU_SR_Restore
                0x080001cc                OSStartHighRdy
                0x080001f4                OSCtxSw
                0x080001fe                OSIntCtxSw
 .text.OSTimeTickHook
                0x08000218        0xc ..\obj\os_cpu_c.o
                0x08000218                OSTimeTickHook
 .text.PendSV_Handler
                0x08000224       0x58 ..\obj\os_cpu_c.o
                0x08000224                PendSV_Handler
 .text.SysTick_Handler
                0x0800027c       0x40 ..\obj\os_cpu_c.o
                0x0800027c                SysTick_Handler
 .text.USART_Init
                0x080002bc      0x174 ..\obj\stm32f4xx_usart.o
                0x080002bc                USART_Init
 .text.USART_Cmd
                0x08000430       0x40 ..\obj\stm32f4xx_usart.o
                0x08000430                USART_Cmd
 .text.USART_SendData
                0x08000470       0x24 ..\obj\stm32f4xx_usart.o
                0x08000470                USART_SendData
 .text.USART_ITConfig
                0x08000494       0x90 ..\obj\stm32f4xx_usart.o
                0x08000494                USART_ITConfig
 .text.USART_GetFlagStatus
                0x08000524       0x38 ..\obj\stm32f4xx_usart.o
                0x08000524                USART_GetFlagStatus
 .text.USART_GetITStatus
                0x0800055c       0xb4 ..\obj\stm32f4xx_usart.o
                0x0800055c                USART_GetITStatus
 .text.USART_ClearITPendingBit
                0x08000610       0x38 ..\obj\stm32f4xx_usart.o
                0x08000610                USART_ClearITPendingBit
 .text.Driehoek
                0x08000648       0x54 ..\obj\Driehoek.o
                0x08000648                Driehoek
 .text.UART_init
                0x0800069c       0x94 ..\obj\uart.o
                0x0800069c                UART_init
 .text.UART_putchar
                0x08000730       0x34 ..\obj\uart.o
                0x08000730                UART_putchar
 .text.UART_puts
                0x08000764       0x38 ..\obj\uart.o
                0x08000764                UART_puts
 .text.UART_INT_init
                0x0800079c       0x28 ..\obj\uart.o
                0x0800079c                UART_INT_init
 .text.USART2_IRQHandler
                0x080007c4       0x98 ..\obj\uart.o
                0x080007c4                USART2_IRQHandler
 .text.Default_Reset_Handler
                0x0800085c       0x5c ..\obj\startup_stm32f4xx.o
                0x0800085c                Default_Reset_Handler
                0x0800085c                Reset_Handler
 .text.Default_Handler
                0x080008b8        0x8 ..\obj\startup_stm32f4xx.o
                0x080008b8                RTC_Alarm_IRQHandler
                0x080008b8                HASH_RNG_IRQHandler
                0x080008b8                EXTI2_IRQHandler
                0x080008b8                TIM8_CC_IRQHandler
                0x080008b8                DebugMon_Handler
                0x080008b8                TIM1_CC_IRQHandler
                0x080008b8                HardFault_Handler
                0x080008b8                DMA1_Stream5_IRQHandler
                0x080008b8                PVD_IRQHandler
                0x080008b8                SDIO_IRQHandler
                0x080008b8                TAMP_STAMP_IRQHandler
                0x080008b8                NMI_Handler
                0x080008b8                CAN2_RX1_IRQHandler
                0x080008b8                EXTI3_IRQHandler
                0x080008b8                TIM8_TRG_COM_TIM14_IRQHandler
                0x080008b8                TIM1_UP_TIM10_IRQHandler
                0x080008b8                TIM8_UP_TIM13_IRQHandler
                0x080008b8                I2C3_ER_IRQHandler
                0x080008b8                EXTI0_IRQHandler
                0x080008b8                I2C2_EV_IRQHandler
                0x080008b8                DMA1_Stream2_IRQHandler
                0x080008b8                CAN1_RX0_IRQHandler
                0x080008b8                FPU_IRQHandler
                0x080008b8                OTG_HS_WKUP_IRQHandler
                0x080008b8                UsageFault_Handler
                0x080008b8                CAN2_SCE_IRQHandler
                0x080008b8                DMA2_Stream2_IRQHandler
                0x080008b8                SPI1_IRQHandler
                0x080008b8                TIM6_DAC_IRQHandler
                0x080008b8                TIM1_BRK_TIM9_IRQHandler
                0x080008b8                DCMI_IRQHandler
                0x080008b8                CAN2_RX0_IRQHandler
                0x080008b8                DMA2_Stream3_IRQHandler
                0x080008b8                USART6_IRQHandler
                0x080008b8                USART3_IRQHandler
                0x080008b8                CRYP_IRQHandler
                0x080008b8                CAN1_RX1_IRQHandler
                0x080008b8                UART5_IRQHandler
                0x080008b8                DMA2_Stream0_IRQHandler
                0x080008b8                TIM4_IRQHandler
                0x080008b8                I2C1_EV_IRQHandler
                0x080008b8                DMA1_Stream6_IRQHandler
                0x080008b8                DMA1_Stream1_IRQHandler
                0x080008b8                UART4_IRQHandler
                0x080008b8                TIM3_IRQHandler
                0x080008b8                RCC_IRQHandler
                0x080008b8                TIM8_BRK_TIM12_IRQHandler
                0x080008b8                EXTI15_10_IRQHandler
                0x080008b8                ADC_IRQHandler
                0x080008b8                DMA1_Stream7_IRQHandler
                0x080008b8                TIM7_IRQHandler
                0x080008b8                CAN2_TX_IRQHandler
                0x080008b8                TIM5_IRQHandler
                0x080008b8                DMA2_Stream7_IRQHandler
                0x080008b8                I2C3_EV_IRQHandler
                0x080008b8                EXTI9_5_IRQHandler
                0x080008b8                RTC_WKUP_IRQHandler
                0x080008b8                ETH_WKUP_IRQHandler
                0x080008b8                SPI2_IRQHandler
                0x080008b8                OTG_HS_EP1_IN_IRQHandler
                0x080008b8                MemManage_Handler
                0x080008b8                DMA1_Stream0_IRQHandler
                0x080008b8                CAN1_TX_IRQHandler
                0x080008b8                SVC_Handler
                0x080008b8                EXTI4_IRQHandler
                0x080008b8                FSMC_IRQHandler
                0x080008b8                ETH_IRQHandler
                0x080008b8                OTG_HS_EP1_OUT_IRQHandler
                0x080008b8                WWDG_IRQHandler
                0x080008b8                OTG_FS_WKUP_IRQHandler
                0x080008b8                TIM1_TRG_COM_TIM11_IRQHandler
                0x080008b8                OTG_HS_IRQHandler
                0x080008b8                EXTI1_IRQHandler
                0x080008b8                I2C2_ER_IRQHandler
                0x080008b8                DMA2_Stream1_IRQHandler
                0x080008b8                CAN1_SCE_IRQHandler
                0x080008b8                FLASH_IRQHandler
                0x080008b8                DMA2_Stream4_IRQHandler
                0x080008b8                BusFault_Handler
                0x080008b8                USART1_IRQHandler
                0x080008b8                OTG_FS_IRQHandler
                0x080008b8                SPI3_IRQHandler
                0x080008b8                DMA1_Stream4_IRQHandler
                0x080008b8                I2C1_ER_IRQHandler
                0x080008b8                DMA2_Stream6_IRQHandler
                0x080008b8                DMA1_Stream3_IRQHandler
 .text.main     0x080008c0      0x124 ..\obj\main.o
                0x080008c0                main
 .text.RCC_GetClocksFreq
                0x080009e4      0x154 ..\obj\stm32f4xx_rcc.o
                0x080009e4                RCC_GetClocksFreq
 .text.RCC_AHB1PeriphClockCmd
                0x08000b38       0x3c ..\obj\stm32f4xx_rcc.o
                0x08000b38                RCC_AHB1PeriphClockCmd
 .text.RCC_APB1PeriphClockCmd
                0x08000b74       0x3c ..\obj\stm32f4xx_rcc.o
                0x08000b74                RCC_APB1PeriphClockCmd
 .text.RCC_APB2PeriphClockCmd
                0x08000bb0       0x3c ..\obj\stm32f4xx_rcc.o
                0x08000bb0                RCC_APB2PeriphClockCmd
 .text.Lijn     0x08000bec      0x3e4 ..\obj\Lijn.o
                0x08000bec                Lijn
 .text.OSIntExit
                0x08000fd0       0xa4 ..\obj\os_core.o
                0x08000fd0                OSIntExit
 .text.OSTimeTick
                0x08001074      0x13c ..\obj\os_core.o
                0x08001074                OSTimeTick
 .text.OS_SchedNew
                0x080011b0       0x48 ..\obj\os_core.o
 .text.LED_init
                0x080011f8       0x88 ..\obj\leds.o
                0x080011f8                LED_init
 .text.LED_put  0x08001280       0x70 ..\obj\leds.o
                0x08001280                LED_put
 .text.GPIO_Init
                0x080012f0      0x11c ..\obj\stm32f4xx_gpio.o
                0x080012f0                GPIO_Init
 .text.GPIO_ReadInputDataBit
                0x0800140c       0x34 ..\obj\stm32f4xx_gpio.o
                0x0800140c                GPIO_ReadInputDataBit
 .text.GPIO_SetBits
                0x08001440       0x1c ..\obj\stm32f4xx_gpio.o
                0x08001440                GPIO_SetBits
 .text.GPIO_ResetBits
                0x0800145c       0x1c ..\obj\stm32f4xx_gpio.o
                0x0800145c                GPIO_ResetBits
 .text.GPIO_PinAFConfig
                0x08001478       0x90 ..\obj\stm32f4xx_gpio.o
                0x08001478                GPIO_PinAFConfig
 .text.SystemInit
                0x08001508       0x5c ..\obj\system_stm32f4xx.o
                0x08001508                SystemInit
 .text.SetSysClock
                0x08001564       0xf4 ..\obj\system_stm32f4xx.o
 .text.DMA_DeInit
                0x08001658      0x1a4 ..\obj\stm32f4xx_dma.o
                0x08001658                DMA_DeInit
 .text.DMA_Init
                0x080017fc       0xac ..\obj\stm32f4xx_dma.o
                0x080017fc                DMA_Init
 .text.DMA_Cmd  0x080018a8       0x38 ..\obj\stm32f4xx_dma.o
                0x080018a8                DMA_Cmd
 .text.DMA_ITConfig
                0x080018e0       0x74 ..\obj\stm32f4xx_dma.o
                0x080018e0                DMA_ITConfig
 .text.DMA_GetITStatus
                0x08001954       0xac ..\obj\stm32f4xx_dma.o
                0x08001954                DMA_GetITStatus
 .text.DMA_ClearITPendingBit
                0x08001a00       0x5c ..\obj\stm32f4xx_dma.o
                0x08001a00                DMA_ClearITPendingBit
 .text.ClearBits
                0x08001a5c       0x2c ..\obj\lcd.o
                0x08001a5c                ClearBits
 .text.LCD_clear
                0x08001a88       0x24 ..\obj\lcd.o
                0x08001a88                LCD_clear
 .text.LCD_init
                0x08001aac       0xe4 ..\obj\lcd.o
                0x08001aac                LCD_init
 .text.LCD_writenibble
                0x08001b90       0x64 ..\obj\lcd.o
 .text.LCD_writebyte
                0x08001bf4       0x58 ..\obj\lcd.o
 .text.LCD_writecontrol
                0x08001c4c       0x28 ..\obj\lcd.o
                0x08001c4c                LCD_writecontrol
 .text.busyflag
                0x08001c74       0xb0 ..\obj\lcd.o
                0x08001c74                busyflag
 .text.UB_VGA_Screen_Init
                0x08001d24       0x80 ..\obj\stm32_ub_vga_screen.o
                0x08001d24                UB_VGA_Screen_Init
 .text.UB_VGA_FillScreen
                0x08001da4       0x44 ..\obj\stm32_ub_vga_screen.o
                0x08001da4                UB_VGA_FillScreen
 .text.UB_VGA_SetPixel
                0x08001de8       0x4c ..\obj\stm32_ub_vga_screen.o
                0x08001de8                UB_VGA_SetPixel
 .text.P_VGA_InitIO
                0x08001e34       0xa8 ..\obj\stm32_ub_vga_screen.o
                0x08001e34                P_VGA_InitIO
 .text.P_VGA_InitTIM
                0x08001edc       0xcc ..\obj\stm32_ub_vga_screen.o
                0x08001edc                P_VGA_InitTIM
 .text.P_VGA_InitINT
                0x08001fa8       0x58 ..\obj\stm32_ub_vga_screen.o
                0x08001fa8                P_VGA_InitINT
 .text.P_VGA_InitDMA
                0x08002000       0x90 ..\obj\stm32_ub_vga_screen.o
                0x08002000                P_VGA_InitDMA
 .text.TIM2_IRQHandler
                0x08002090       0xbc ..\obj\stm32_ub_vga_screen.o
                0x08002090                TIM2_IRQHandler
 .text.DMA2_Stream5_IRQHandler
                0x0800214c       0x4c ..\obj\stm32_ub_vga_screen.o
                0x0800214c                DMA2_Stream5_IRQHandler
 .text.NVIC_Init
                0x08002198       0xc0 ..\obj\misc.o
                0x08002198                NVIC_Init
 .text.TIM_TimeBaseInit
                0x08002258       0xd4 ..\obj\stm32f4xx_tim.o
                0x08002258                TIM_TimeBaseInit
 .text.TIM_ARRPreloadConfig
                0x0800232c       0x40 ..\obj\stm32f4xx_tim.o
                0x0800232c                TIM_ARRPreloadConfig
 .text.TIM_Cmd  0x0800236c       0x40 ..\obj\stm32f4xx_tim.o
                0x0800236c                TIM_Cmd
 .text.TIM_OC3Init
                0x080023ac      0x10c ..\obj\stm32f4xx_tim.o
                0x080023ac                TIM_OC3Init
 .text.TIM_OC4Init
                0x080024b8       0xcc ..\obj\stm32f4xx_tim.o
                0x080024b8                TIM_OC4Init
 .text.TIM_OC3PreloadConfig
                0x08002584       0x38 ..\obj\stm32f4xx_tim.o
                0x08002584                TIM_OC3PreloadConfig
 .text.TIM_OC4PreloadConfig
                0x080025bc       0x3c ..\obj\stm32f4xx_tim.o
                0x080025bc                TIM_OC4PreloadConfig
 .text.TIM_ITConfig
                0x080025f8       0x48 ..\obj\stm32f4xx_tim.o
                0x080025f8                TIM_ITConfig
 .text.TIM_ClearITPendingBit
                0x08002640       0x20 ..\obj\stm32f4xx_tim.o
                0x08002640                TIM_ClearITPendingBit
 .text.TIM_DMACmd
                0x08002660       0x48 ..\obj\stm32f4xx_tim.o
                0x08002660                TIM_DMACmd
 .text          0x080026a8      0x21c c:/program files (x86)/gnu tools arm embedded/5.4 2016q3/bin/../lib/gcc/arm-none-eabi/5.4.1/armv7e-m\libgcc.a(_arm_addsubsf3.o)
                0x080026a8                __aeabi_frsub
                0x080026b0                __subsf3
                0x080026b0                __aeabi_fsub
                0x080026b4                __aeabi_fadd
                0x080026b4                __addsf3
                0x08002814                __aeabi_ui2f
                0x08002814                __floatunsisf
                0x0800281c                __aeabi_i2f
                0x0800281c                __floatsisf
                0x08002838                __aeabi_ul2f
                0x08002838                __floatundisf
                0x08002848                __aeabi_l2f
                0x08002848                __floatdisf
 .text          0x080028c4      0x2a0 c:/program files (x86)/gnu tools arm embedded/5.4 2016q3/bin/../lib/gcc/arm-none-eabi/5.4.1/armv7e-m\libgcc.a(_arm_muldivsf3.o)
                0x080028c4                __mulsf3
                0x080028c4                __aeabi_fmul
                0x08002a2c                __aeabi_fdiv
                0x08002a2c                __divsf3
 .text          0x08002b64       0xec c:/program files (x86)/gnu tools arm embedded/5.4 2016q3/bin/../lib/gcc/arm-none-eabi/5.4.1/armv7e-m\libgcc.a(_arm_cmpsf2.o)
                0x08002b64                __gesf2
                0x08002b64                __gtsf2
                0x08002b6c                __lesf2
                0x08002b6c                __ltsf2
                0x08002b74                __nesf2
                0x08002b74                __eqsf2
                0x08002b74                __cmpsf2
                0x08002bd4                __aeabi_cfrcmple
                0x08002bdc                __aeabi_cfcmpeq
                0x08002bdc                __aeabi_cfcmple
                0x08002bec                __aeabi_fcmpeq
                0x08002c00                __aeabi_fcmplt
                0x08002c14                __aeabi_fcmple
                0x08002c28                __aeabi_fcmpge
                0x08002c3c                __aeabi_fcmpgt
 .text          0x08002c50       0x4c c:/program files (x86)/gnu tools arm embedded/5.4 2016q3/bin/../lib/gcc/arm-none-eabi/5.4.1/armv7e-m\libgcc.a(_arm_fixsfsi.o)
                0x08002c50                __aeabi_f2iz
                0x08002c50                __fixsfsi
 .text.strncpy  0x08002c9c       0x68 c:/program files (x86)/gnu tools arm embedded/5.4 2016q3/bin/../lib/gcc/arm-none-eabi/5.4.1/../../../../arm-none-eabi/lib/armv7e-m\libg.a(lib_a-strncpy.o)
                0x08002c9c                strncpy
 *(.init)
 *(.fini)
 *crtbegin.o(.ctors)
 *crtbegin?.o(.ctors)
 *(EXCLUDE_FILE(*crtend.o *crtend?.o) .ctors)
 *(SORT(.ctors.*))
 *(.ctors)
 *crtbegin.o(.dtors)
 *crtbegin?.o(.dtors)
 *(EXCLUDE_FILE(*crtend.o *crtend?.o) .dtors)
 *(SORT(.dtors.*))
 *(.dtors)
 *(.rodata*)
 .rodata        0x08002d04        0x8 ..\obj\main.o
 .rodata        0x08002d0c      0x112 ..\obj\os_core.o
                0x08002d0c                OSUnMapTbl
 *(.eh_fram e*)

.glue_7         0x08002e20        0x0
 .glue_7        0x08002e20        0x0 linker stubs

.glue_7t        0x08002e20        0x0
 .glue_7t       0x08002e20        0x0 linker stubs

.vfp11_veneer   0x08002e20        0x0
 .vfp11_veneer  0x08002e20        0x0 linker stubs

.v4_bx          0x08002e20        0x0
 .v4_bx         0x08002e20        0x0 linker stubs

.iplt           0x08002e20        0x0
 .iplt          0x08002e20        0x0 ..\obj\delay.o

.rel.dyn        0x08002e20        0x0
 .rel.iplt      0x08002e20        0x0 ..\obj\delay.o

.ARM.extab
 *(.ARM.extab* .gnu.linkonce.armextab.*)
                0x08002e20                __exidx_start = .

.ARM.exidx
 *(.ARM.exidx* .gnu.linkonce.armexidx.*)
                0x08002e20                __exidx_end = .
                0x08002e20                __etext = .
                0x08002e1e                _sidata = __etext

.data           0x20000000       0x10 load address 0x08002e1e
                0x20000000                __data_start__ = .
                0x20000000                _sdata = __data_start__
 *(vtable)
 *(.data*)
 .data          0x20000000       0x10 ..\obj\stm32f4xx_rcc.o
                0x20000010                . = ALIGN (0x4)
                [!provide]                PROVIDE (__preinit_array_start, .)
 *(.preinit_array)
                [!provide]                PROVIDE (__preinit_array_end, .)
                0x20000010                . = ALIGN (0x4)
                [!provide]                PROVIDE (__init_array_start, .)
 *(SORT(.init_array.*))
 *(.init_array)
                [!provide]                PROVIDE (__init_array_end, .)
                0x20000010                . = ALIGN (0x4)
                [!provide]                PROVIDE (__fini_array_start, .)
 *(SORT(.fini_array.*))
 *(.fini_array)
                [!provide]                PROVIDE (__fini_array_end, .)
 *(.jcr*)
                0x20000010                . = ALIGN (0x4)
                0x20000010                __data_end__ = .
                0x20000010                _edata = __data_end__

.igot.plt       0x20000010        0x0 load address 0x08002e30
 .igot.plt      0x20000010        0x0 ..\obj\delay.o

.bss            0x20000010    0x14318 load address 0x08002e30
                0x20000010                . = ALIGN (0x4)
                0x20000010                __bss_start__ = .
                0x20000010                _sbss = __bss_start__
 *(.bss*)
 .bss           0x20000010        0x4 ..\obj\uart.o
                0x20000010                charcounter
 .bss           0x20000014        0x1 ..\obj\lcd.o
                0x20000014                curpos
 *(COMMON)
 *fill*         0x20000015        0x3 
 COMMON         0x20000018       0x10 ..\obj\delay.o
                0x20000018                G_CLK
                0x2000001c                D_S
                0x20000020                D_uS
                0x20000024                D_mS
 COMMON         0x20000028      0x208 ..\obj\os_cpu_c.o
                0x20000028                OS_CPU_ExceptStkBase
                0x2000002c                OS_CPU_ExceptStk
                0x2000022c                SP_HighReady
 COMMON         0x20000230       0xcc ..\obj\uart.o
                0x20000230                string
                0x20000294                ptr
                0x20000298                buffer
 COMMON         0x200002fc    0x12cfc ..\obj\main.o
                0x200002fc                VGA
                0x20000308                VGA_RAM1
 COMMON         0x20012ff8     0x1330 ..\obj\ucos_ii.o
                0x20012ff8                OSLockNesting
                0x20012ff9                OSTaskRegNextAvailID
                0x20012ffa                OSRunning
                0x20012ffc                OSIdleCtr
                0x20013000                OSPrioHighRdy
                0x20013004                OSFlagTbl
                0x20013054                OSPrioCur
                0x20013058                OSTCBList
                0x2001305c                OSMemTbl
                0x200130d4                OSTickStepState
                0x200130d8                OSCtxSwCtr
                0x200130dc                OSTCBFreeList
                0x200130e0                OSTaskCtr
                0x200130e4                OSMemFreeList
                0x200130e8                OSQTbl
                0x20013148                OSTCBHighRdy
                0x2001314c                OSQFreeList
                0x20013150                OSRdyGrp
                0x20013154                OSRdyTbl
                0x2001315c                OSEventFreeList
                0x20013160                OSIntNesting
                0x20013164                OSTCBCur
                0x20013168                OSTime
                0x2001316c                OSTaskIdleStk
                0x2001336c                OSEventTbl
                0x20013aec                OSTCBTbl
                0x20014224                OSFlagFreeList
                0x20014228                OSTCBPrioTbl
                0x20014328                . = ALIGN (0x4)
                0x20014328                __bss_end__ = .
                0x20014328                _ebss = __bss_end__

.heap           0x20014328        0x0
                0x20014328                __end__ = .
                0x20014328                _end = __end__
                0x20014328                end = __end__
 *(.heap*)
                0x20014328                __HeapLimit = .

.co_stack       0x20014328      0x800 load address 0x08017148
                0x20014328                . = ALIGN (0x8)
 *(.co_stack .co_stack.*)
 .co_stack      0x20014328      0x800 ..\obj\startup_stm32f4xx.o
                0x20014328                pulStack
                0x20020000                __StackTop = (ORIGIN (ram) + LENGTH (ram))
                0x2001f800                __StackLimit = (__StackTop - SIZEOF (.co_stack))
                [!provide]                PROVIDE (__stack, __StackTop)
                0x00000001                ASSERT ((__StackLimit >= __HeapLimit), region ram  overflowed with stack)
LOAD ..\obj\delay.o
LOAD ..\obj\os_time.o
LOAD ..\obj\os_cpu_a.o
LOAD ..\obj\keys.o
LOAD ..\obj\buzzer.o
LOAD ..\obj\os_cpu_c.o
LOAD ..\obj\stm32f4xx_usart.o
LOAD ..\obj\os_flag.o
LOAD ..\obj\Driehoek.o
LOAD ..\obj\uart.o
LOAD ..\obj\startup_stm32f4xx.o
LOAD ..\obj\main.o
LOAD ..\obj\stm32f4xx_rcc.o
LOAD ..\obj\Lijn.o
LOAD ..\obj\os_sem.o
LOAD ..\obj\os_core.o
LOAD ..\obj\leds.o
LOAD ..\obj\os_mem.o
LOAD ..\obj\stm32f4xx_gpio.o
LOAD ..\obj\system_stm32f4xx.o
LOAD ..\obj\stm32f4xx_dma.o
LOAD ..\obj\os_q.o
LOAD ..\obj\os_task.o
LOAD ..\obj\os_mutex.o
LOAD ..\obj\lcd.o
LOAD ..\obj\stm32_ub_vga_screen.o
LOAD ..\obj\misc.o
LOAD ..\obj\ucos_ii.o
LOAD ..\obj\Vierkant.o
LOAD ..\obj\os_mbox.o
LOAD ..\obj\stm32f4xx_tim.o
LOAD c:/program files (x86)/gnu tools arm embedded/5.4 2016q3/bin/../lib/gcc/arm-none-eabi/5.4.1/../../../../arm-none-eabi/lib/armv7e-m\libm.a
START GROUP
LOAD c:/program files (x86)/gnu tools arm embedded/5.4 2016q3/bin/../lib/gcc/arm-none-eabi/5.4.1/armv7e-m\libgcc.a
LOAD c:/program files (x86)/gnu tools arm embedded/5.4 2016q3/bin/../lib/gcc/arm-none-eabi/5.4.1/../../../../arm-none-eabi/lib/armv7e-m\libg.a
LOAD c:/program files (x86)/gnu tools arm embedded/5.4 2016q3/bin/../lib/gcc/arm-none-eabi/5.4.1/../../../../arm-none-eabi/lib/armv7e-m\libc.a
END GROUP
OUTPUT(VGA_Core.elf elf32-littlearm)

.debug_info     0x00000000     0x8d35
 .debug_info    0x00000000      0x20d ..\obj\delay.o
 .debug_info    0x0000020d       0xe6 ..\obj\os_cpu_a.o
 .debug_info    0x000002f3      0x60e ..\obj\os_cpu_c.o
 .debug_info    0x00000901      0x9ca ..\obj\stm32f4xx_usart.o
 .debug_info    0x000012cb       0xb6 ..\obj\Driehoek.o
 .debug_info    0x00001381      0x9c0 ..\obj\uart.o
 .debug_info    0x00001d41       0xf2 ..\obj\startup_stm32f4xx.o
 .debug_info    0x00001e33      0x2c1 ..\obj\main.o
 .debug_info    0x000020f4      0xc63 ..\obj\stm32f4xx_rcc.o
 .debug_info    0x00002d57      0x292 ..\obj\Lijn.o
 .debug_info    0x00002fe9      0xdc0 ..\obj\os_core.o
 .debug_info    0x00003da9      0x305 ..\obj\leds.o
 .debug_info    0x000040ae      0x61a ..\obj\stm32f4xx_gpio.o
 .debug_info    0x000046c8      0x5c5 ..\obj\system_stm32f4xx.o
 .debug_info    0x00004c8d      0x741 ..\obj\stm32f4xx_dma.o
 .debug_info    0x000053ce      0x56d ..\obj\lcd.o
 .debug_info    0x0000593b      0xad9 ..\obj\stm32_ub_vga_screen.o
 .debug_info    0x00006414      0x556 ..\obj\misc.o
 .debug_info    0x0000696a      0x762 ..\obj\ucos_ii.o
 .debug_info    0x000070cc     0x1c69 ..\obj\stm32f4xx_tim.o

.debug_abbrev   0x00000000     0x19b2
 .debug_abbrev  0x00000000       0xee ..\obj\delay.o
 .debug_abbrev  0x000000ee       0x14 ..\obj\os_cpu_a.o
 .debug_abbrev  0x00000102      0x1a2 ..\obj\os_cpu_c.o
 .debug_abbrev  0x000002a4      0x157 ..\obj\stm32f4xx_usart.o
 .debug_abbrev  0x000003fb       0x69 ..\obj\Driehoek.o
 .debug_abbrev  0x00000464      0x236 ..\obj\uart.o
 .debug_abbrev  0x0000069a       0xb0 ..\obj\startup_stm32f4xx.o
 .debug_abbrev  0x0000074a      0x121 ..\obj\main.o
 .debug_abbrev  0x0000086b      0x1e5 ..\obj\stm32f4xx_rcc.o
 .debug_abbrev  0x00000a50       0xbd ..\obj\Lijn.o
 .debug_abbrev  0x00000b0d      0x24f ..\obj\os_core.o
 .debug_abbrev  0x00000d5c      0x123 ..\obj\leds.o
 .debug_abbrev  0x00000e7f      0x1a7 ..\obj\stm32f4xx_gpio.o
 .debug_abbrev  0x00001026      0x138 ..\obj\system_stm32f4xx.o
 .debug_abbrev  0x0000115e      0x157 ..\obj\stm32f4xx_dma.o
 .debug_abbrev  0x000012b5      0x1b4 ..\obj\lcd.o
 .debug_abbrev  0x00001469      0x1d0 ..\obj\stm32_ub_vga_screen.o
 .debug_abbrev  0x00001639      0x147 ..\obj\misc.o
 .debug_abbrev  0x00001780       0xa9 ..\obj\ucos_ii.o
 .debug_abbrev  0x00001829      0x189 ..\obj\stm32f4xx_tim.o

.debug_aranges  0x00000000      0xb20
 .debug_aranges
                0x00000000       0x38 ..\obj\delay.o
 .debug_aranges
                0x00000038       0x20 ..\obj\os_cpu_a.o
 .debug_aranges
                0x00000058       0x88 ..\obj\os_cpu_c.o
 .debug_aranges
                0x000000e0      0x100 ..\obj\stm32f4xx_usart.o
 .debug_aranges
                0x000001e0       0x20 ..\obj\Driehoek.o
 .debug_aranges
                0x00000200       0x68 ..\obj\uart.o
 .debug_aranges
                0x00000268       0x28 ..\obj\startup_stm32f4xx.o
 .debug_aranges
                0x00000290       0x20 ..\obj\main.o
 .debug_aranges
                0x000002b0      0x178 ..\obj\stm32f4xx_rcc.o
 .debug_aranges
                0x00000428       0x20 ..\obj\Lijn.o
 .debug_aranges
                0x00000448      0x110 ..\obj\os_core.o
 .debug_aranges
                0x00000558       0x28 ..\obj\leds.o
 .debug_aranges
                0x00000580       0x88 ..\obj\stm32f4xx_gpio.o
 .debug_aranges
                0x00000608       0x30 ..\obj\system_stm32f4xx.o
 .debug_aranges
                0x00000638       0xb0 ..\obj\stm32f4xx_dma.o
 .debug_aranges
                0x000006e8       0x88 ..\obj\lcd.o
 .debug_aranges
                0x00000770       0x60 ..\obj\stm32_ub_vga_screen.o
 .debug_aranges
                0x000007d0       0x40 ..\obj\misc.o
 .debug_aranges
                0x00000810       0x18 ..\obj\ucos_ii.o
 .debug_aranges
                0x00000828      0x2f8 ..\obj\stm32f4xx_tim.o

.debug_ranges   0x00000000      0x9e0
 .debug_ranges  0x00000000       0x28 ..\obj\delay.o
 .debug_ranges  0x00000028       0x78 ..\obj\os_cpu_c.o
 .debug_ranges  0x000000a0       0xf0 ..\obj\stm32f4xx_usart.o
 .debug_ranges  0x00000190       0x10 ..\obj\Driehoek.o
 .debug_ranges  0x000001a0       0x70 ..\obj\uart.o
 .debug_ranges  0x00000210       0x18 ..\obj\startup_stm32f4xx.o
 .debug_ranges  0x00000228       0x10 ..\obj\main.o
 .debug_ranges  0x00000238      0x168 ..\obj\stm32f4xx_rcc.o
 .debug_ranges  0x000003a0       0x10 ..\obj\Lijn.o
 .debug_ranges  0x000003b0      0x100 ..\obj\os_core.o
 .debug_ranges  0x000004b0       0x18 ..\obj\leds.o
 .debug_ranges  0x000004c8       0x78 ..\obj\stm32f4xx_gpio.o
 .debug_ranges  0x00000540       0x20 ..\obj\system_stm32f4xx.o
 .debug_ranges  0x00000560       0xa0 ..\obj\stm32f4xx_dma.o
 .debug_ranges  0x00000600       0x78 ..\obj\lcd.o
 .debug_ranges  0x00000678       0x50 ..\obj\stm32_ub_vga_screen.o
 .debug_ranges  0x000006c8       0x30 ..\obj\misc.o
 .debug_ranges  0x000006f8      0x2e8 ..\obj\stm32f4xx_tim.o

.debug_line     0x00000000     0x474f
 .debug_line    0x00000000      0x273 ..\obj\delay.o
 .debug_line    0x00000273       0xc1 ..\obj\os_cpu_a.o
 .debug_line    0x00000334      0x344 ..\obj\os_cpu_c.o
 .debug_line    0x00000678      0x541 ..\obj\stm32f4xx_usart.o
 .debug_line    0x00000bb9       0x86 ..\obj\Driehoek.o
 .debug_line    0x00000c3f      0x44f ..\obj\uart.o
 .debug_line    0x0000108e       0xbb ..\obj\startup_stm32f4xx.o
 .debug_line    0x00001149      0x21f ..\obj\main.o
 .debug_line    0x00001368      0x62d ..\obj\stm32f4xx_rcc.o
 .debug_line    0x00001995      0x15b ..\obj\Lijn.o
 .debug_line    0x00001af0      0x6b6 ..\obj\os_core.o
 .debug_line    0x000021a6      0x2a4 ..\obj\leds.o
 .debug_line    0x0000244a      0x3e8 ..\obj\stm32f4xx_gpio.o
 .debug_line    0x00002832      0x236 ..\obj\system_stm32f4xx.o
 .debug_line    0x00002a68      0x4b2 ..\obj\stm32f4xx_dma.o
 .debug_line    0x00002f1a      0x3f6 ..\obj\lcd.o
 .debug_line    0x00003310      0x41a ..\obj\stm32_ub_vga_screen.o
 .debug_line    0x0000372a      0x2c6 ..\obj\misc.o
 .debug_line    0x000039f0      0x216 ..\obj\ucos_ii.o
 .debug_line    0x00003c06      0xb49 ..\obj\stm32f4xx_tim.o

.debug_str      0x00000000     0x3821
 .debug_str     0x00000000      0x23a ..\obj\delay.o
                                0x292 (size before relaxing)
 .debug_str     0x0000023a      0x42b ..\obj\os_cpu_c.o
                                0x5cb (size before relaxing)
 .debug_str     0x00000665      0x4e5 ..\obj\stm32f4xx_usart.o
                                0x6a9 (size before relaxing)
 .debug_str     0x00000b4a       0x69 ..\obj\Driehoek.o
                                 0xeb (size before relaxing)
 .debug_str     0x00000bb3      0x871 ..\obj\uart.o
                                0xb44 (size before relaxing)
 .debug_str     0x00001424       0xca ..\obj\startup_stm32f4xx.o
                                0x161 (size before relaxing)
 .debug_str     0x000014ee       0xee ..\obj\main.o
                                0x2ea (size before relaxing)
 .debug_str     0x000015dc      0x5fd ..\obj\stm32f4xx_rcc.o
                                0x86a (size before relaxing)
 .debug_str     0x00001bd9       0x7a ..\obj\Lijn.o
                                0x179 (size before relaxing)
 .debug_str     0x00001c53      0x459 ..\obj\os_core.o
                                0x8a5 (size before relaxing)
 .debug_str     0x000020ac       0x65 ..\obj\leds.o
                                0x3c5 (size before relaxing)
 .debug_str     0x00002111      0x1bd ..\obj\stm32f4xx_gpio.o
                                0x4bd (size before relaxing)
 .debug_str     0x000022ce      0x132 ..\obj\system_stm32f4xx.o
                                0x3c4 (size before relaxing)
 .debug_str     0x00002400      0x3b1 ..\obj\stm32f4xx_dma.o
                                0x55c (size before relaxing)
 .debug_str     0x000027b1       0xf1 ..\obj\lcd.o
                                0x4aa (size before relaxing)
 .debug_str     0x000028a2      0x2b0 ..\obj\stm32_ub_vga_screen.o
                                0xcf7 (size before relaxing)
 .debug_str     0x00002b52      0x17b ..\obj\misc.o
                                0x3e8 (size before relaxing)
 .debug_str     0x00002ccd      0x13c ..\obj\ucos_ii.o
                                0x681 (size before relaxing)
 .debug_str     0x00002e09      0xa18 ..\obj\stm32f4xx_tim.o
                                0xdea (size before relaxing)

.comment        0x00000000       0x6e
 .comment       0x00000000       0x6e ..\obj\delay.o
                                 0x6f (size before relaxing)
 .comment       0x0000006e       0x6f ..\obj\os_cpu_c.o
 .comment       0x0000006e       0x6f ..\obj\stm32f4xx_usart.o
 .comment       0x0000006e       0x6f ..\obj\Driehoek.o
 .comment       0x0000006e       0x6f ..\obj\uart.o
 .comment       0x0000006e       0x6f ..\obj\startup_stm32f4xx.o
 .comment       0x0000006e       0x6f ..\obj\main.o
 .comment       0x0000006e       0x6f ..\obj\stm32f4xx_rcc.o
 .comment       0x0000006e       0x6f ..\obj\Lijn.o
 .comment       0x0000006e       0x6f ..\obj\os_core.o
 .comment       0x0000006e       0x6f ..\obj\leds.o
 .comment       0x0000006e       0x6f ..\obj\stm32f4xx_gpio.o
 .comment       0x0000006e       0x6f ..\obj\system_stm32f4xx.o
 .comment       0x0000006e       0x6f ..\obj\stm32f4xx_dma.o
 .comment       0x0000006e       0x6f ..\obj\lcd.o
 .comment       0x0000006e       0x6f ..\obj\stm32_ub_vga_screen.o
 .comment       0x0000006e       0x6f ..\obj\misc.o
 .comment       0x0000006e       0x6f ..\obj\ucos_ii.o
 .comment       0x0000006e       0x6f ..\obj\stm32f4xx_tim.o

.ARM.attributes
                0x00000000       0x31
 .ARM.attributes
                0x00000000       0x33 ..\obj\delay.o
 .ARM.attributes
                0x00000033       0x21 ..\obj\os_cpu_a.o
 .ARM.attributes
                0x00000054       0x33 ..\obj\os_cpu_c.o
 .ARM.attributes
                0x00000087       0x33 ..\obj\stm32f4xx_usart.o
 .ARM.attributes
                0x000000ba       0x33 ..\obj\Driehoek.o
 .ARM.attributes
                0x000000ed       0x33 ..\obj\uart.o
 .ARM.attributes
                0x00000120       0x33 ..\obj\startup_stm32f4xx.o
 .ARM.attributes
                0x00000153       0x33 ..\obj\main.o
 .ARM.attributes
                0x00000186       0x33 ..\obj\stm32f4xx_rcc.o
 .ARM.attributes
                0x000001b9       0x33 ..\obj\Lijn.o
 .ARM.attributes
                0x000001ec       0x33 ..\obj\os_core.o
 .ARM.attributes
                0x0000021f       0x33 ..\obj\leds.o
 .ARM.attributes
                0x00000252       0x33 ..\obj\stm32f4xx_gpio.o
 .ARM.attributes
                0x00000285       0x33 ..\obj\system_stm32f4xx.o
 .ARM.attributes
                0x000002b8       0x33 ..\obj\stm32f4xx_dma.o
 .ARM.attributes
                0x000002eb       0x33 ..\obj\lcd.o
 .ARM.attributes
                0x0000031e       0x33 ..\obj\stm32_ub_vga_screen.o
 .ARM.attributes
                0x00000351       0x33 ..\obj\misc.o
 .ARM.attributes
                0x00000384       0x33 ..\obj\ucos_ii.o
 .ARM.attributes
                0x000003b7       0x33 ..\obj\stm32f4xx_tim.o
 .ARM.attributes
                0x000003ea       0x1e c:/program files (x86)/gnu tools arm embedded/5.4 2016q3/bin/../lib/gcc/arm-none-eabi/5.4.1/armv7e-m\libgcc.a(_arm_addsubsf3.o)
 .ARM.attributes
                0x00000408       0x1e c:/program files (x86)/gnu tools arm embedded/5.4 2016q3/bin/../lib/gcc/arm-none-eabi/5.4.1/armv7e-m\libgcc.a(_arm_muldivsf3.o)
 .ARM.attributes
                0x00000426       0x1e c:/program files (x86)/gnu tools arm embedded/5.4 2016q3/bin/../lib/gcc/arm-none-eabi/5.4.1/armv7e-m\libgcc.a(_arm_cmpsf2.o)
 .ARM.attributes
                0x00000444       0x1e c:/program files (x86)/gnu tools arm embedded/5.4 2016q3/bin/../lib/gcc/arm-none-eabi/5.4.1/armv7e-m\libgcc.a(_arm_fixsfsi.o)
 .ARM.attributes
                0x00000462       0x2e c:/program files (x86)/gnu tools arm embedded/5.4 2016q3/bin/../lib/gcc/arm-none-eabi/5.4.1/../../../../arm-none-eabi/lib/armv7e-m\libg.a(lib_a-strncpy.o)

.debug_frame    0x00000000     0x2dc8
 .debug_frame   0x00000000       0xb0 ..\obj\delay.o
 .debug_frame   0x000000b0      0x20c ..\obj\os_cpu_c.o
 .debug_frame   0x000002bc      0x490 ..\obj\stm32f4xx_usart.o
 .debug_frame   0x0000074c       0x34 ..\obj\Driehoek.o
 .debug_frame   0x00000780      0x198 ..\obj\uart.o
 .debug_frame   0x00000918       0x4c ..\obj\startup_stm32f4xx.o
 .debug_frame   0x00000964       0x30 ..\obj\main.o
 .debug_frame   0x00000994      0x6d4 ..\obj\stm32f4xx_rcc.o
 .debug_frame   0x00001068       0x38 ..\obj\Lijn.o
 .debug_frame   0x000010a0      0x474 ..\obj\os_core.o
 .debug_frame   0x00001514       0x58 ..\obj\leds.o
 .debug_frame   0x0000156c      0x23c ..\obj\stm32f4xx_gpio.o
 .debug_frame   0x000017a8       0x7c ..\obj\system_stm32f4xx.o
 .debug_frame   0x00001824      0x308 ..\obj\stm32f4xx_dma.o
 .debug_frame   0x00001b2c      0x1f4 ..\obj\lcd.o
 .debug_frame   0x00001d20      0x148 ..\obj\stm32_ub_vga_screen.o
 .debug_frame   0x00001e68       0xd8 ..\obj\misc.o
 .debug_frame   0x00001f40      0xe54 ..\obj\stm32f4xx_tim.o
 .debug_frame   0x00002d94       0x34 c:/program files (x86)/gnu tools arm embedded/5.4 2016q3/bin/../lib/gcc/arm-none-eabi/5.4.1/../../../../arm-none-eabi/lib/armv7e-m\libg.a(lib_a-strncpy.o)
